// Jest Snapshot v1, https://goo.gl/fbAQLP

exports[`createManagedDeviceEntity iosCustomConfiguration: iosCustomConfiguration 1`] = `
Object {
  "_class": Array [
    "Configuration",
  ],
  "_key": "5b748b7c-8b6a-41fd-bd97-f509fdf5caf5",
  "_rawData": Array [
    Object {
      "name": "default",
      "rawData": Object {
        "@odata.type": "#microsoft.graph.iosWiFiConfiguration",
        "connectAutomatically": false,
        "connectWhenNetworkNameIsHidden": false,
        "createdDateTime": "2021-02-25T21:47:36.8239034Z",
        "description": "Test iOS wifi policy",
        "deviceManagementApplicabilityRuleDeviceMode": null,
        "deviceManagementApplicabilityRuleOsEdition": null,
        "deviceManagementApplicabilityRuleOsVersion": null,
        "disableMacAddressRandomization": null,
        "displayName": "Test iOS Wifi policy",
        "id": "5b748b7c-8b6a-41fd-bd97-f509fdf5caf5",
        "lastModifiedDateTime": "2021-02-25T21:47:36.8239034Z",
        "networkName": "fake network",
        "preSharedKey": null,
        "proxyAutomaticConfigurationUrl": null,
        "proxyManualAddress": null,
        "proxyManualPort": null,
        "proxySettings": "none",
        "roleScopeTagIds": Array [
          "0",
        ],
        "ssid": "FakeyFakerson",
        "supportsScopeTags": true,
        "version": 1,
        "wiFiSecurityType": "open",
      },
    },
  ],
  "_type": "intune_device_configuration",
  "configurationType": "iosWiFiConfiguration",
  "createdOn": 1614289656823,
  "description": "Test iOS wifi policy",
  "displayName": "Test iOS Wifi policy",
  "id": "5b748b7c-8b6a-41fd-bd97-f509fdf5caf5",
  "name": "Test iOS Wifi policy",
  "version": 1,
}
`;

exports[`createManagedDeviceEntity iosWifiConfiguration: iosWifiConfiguration 1`] = `
Object {
  "_class": Array [
    "Configuration",
  ],
  "_key": "5b748b7c-8b6a-41fd-bd97-f509fdf5caf5",
  "_rawData": Array [
    Object {
      "name": "default",
      "rawData": Object {
        "@odata.type": "#microsoft.graph.iosWiFiConfiguration",
        "connectAutomatically": false,
        "connectWhenNetworkNameIsHidden": false,
        "createdDateTime": "2021-02-25T21:47:36.8239034Z",
        "description": "Test iOS wifi policy",
        "deviceManagementApplicabilityRuleDeviceMode": null,
        "deviceManagementApplicabilityRuleOsEdition": null,
        "deviceManagementApplicabilityRuleOsVersion": null,
        "disableMacAddressRandomization": null,
        "displayName": "Test iOS Wifi policy",
        "id": "5b748b7c-8b6a-41fd-bd97-f509fdf5caf5",
        "lastModifiedDateTime": "2021-02-25T21:47:36.8239034Z",
        "networkName": "fake network",
        "preSharedKey": null,
        "proxyAutomaticConfigurationUrl": null,
        "proxyManualAddress": null,
        "proxyManualPort": null,
        "proxySettings": "none",
        "roleScopeTagIds": Array [
          "0",
        ],
        "ssid": "FakeyFakerson",
        "supportsScopeTags": true,
        "version": 1,
        "wiFiSecurityType": "open",
      },
    },
  ],
  "_type": "intune_device_configuration",
  "configurationType": "iosWiFiConfiguration",
  "createdOn": 1614289656823,
  "description": "Test iOS wifi policy",
  "displayName": "Test iOS Wifi policy",
  "id": "5b748b7c-8b6a-41fd-bd97-f509fdf5caf5",
  "name": "Test iOS Wifi policy",
  "version": 1,
}
`;

exports[`createManagedDeviceEntity windows10GeneralConfiguration: windows10GeneralConfiguration 1`] = `
Object {
  "_class": Array [
    "Configuration",
  ],
  "_key": "c271a86c-a62a-4655-ac1e-a28f67fd3e18",
  "_rawData": Array [
    Object {
      "name": "default",
      "rawData": Object {
        "@odata.type": "#microsoft.graph.windows10GeneralConfiguration",
        "accountsBlockAddingNonMicrosoftAccountEmail": false,
        "activateAppsWithVoice": "notConfigured",
        "antiTheftModeBlocked": false,
        "appManagementMSIAllowUserControlOverInstall": false,
        "appManagementMSIAlwaysInstallWithElevatedPrivileges": false,
        "appManagementPackageFamilyNamesToLaunchAfterLogOn": Array [],
        "appsAllowTrustedAppsSideloading": "notConfigured",
        "appsBlockWindowsStoreOriginatedApps": false,
        "authenticationAllowSecondaryDevice": false,
        "authenticationPreferredAzureADTenantDomainName": null,
        "authenticationWebSignIn": "notConfigured",
        "bluetoothAllowedServices": Array [],
        "bluetoothBlockAdvertising": false,
        "bluetoothBlockDiscoverableMode": false,
        "bluetoothBlockPrePairing": false,
        "bluetoothBlockPromptedProximalConnections": false,
        "bluetoothBlocked": false,
        "cameraBlocked": false,
        "cellularBlockDataWhenRoaming": false,
        "cellularBlockVpn": false,
        "cellularBlockVpnWhenRoaming": false,
        "cellularData": "allowed",
        "certificatesBlockManualRootCertificateInstallation": false,
        "configureTimeZone": null,
        "connectedDevicesServiceBlocked": false,
        "copyPasteBlocked": false,
        "cortanaBlocked": false,
        "createdDateTime": "2021-02-25T20:56:29.1537954Z",
        "cryptographyAllowFipsAlgorithmPolicy": false,
        "dataProtectionBlockDirectMemoryAccess": false,
        "defenderBlockEndUserAccess": false,
        "defenderBlockOnAccessProtection": false,
        "defenderCloudBlockLevel": "notConfigured",
        "defenderCloudExtendedTimeout": null,
        "defenderCloudExtendedTimeoutInSeconds": null,
        "defenderDaysBeforeDeletingQuarantinedMalware": null,
        "defenderDetectedMalwareActions": null,
        "defenderDisableCatchupFullScan": false,
        "defenderDisableCatchupQuickScan": false,
        "defenderFileExtensionsToExclude": Array [],
        "defenderFilesAndFoldersToExclude": Array [],
        "defenderMonitorFileActivity": "userDefined",
        "defenderPotentiallyUnwantedAppAction": null,
        "defenderPotentiallyUnwantedAppActionSetting": "userDefined",
        "defenderProcessesToExclude": Array [],
        "defenderPromptForSampleSubmission": "userDefined",
        "defenderRequireBehaviorMonitoring": false,
        "defenderRequireCloudProtection": false,
        "defenderRequireNetworkInspectionSystem": false,
        "defenderRequireRealTimeMonitoring": false,
        "defenderScanArchiveFiles": false,
        "defenderScanDownloads": false,
        "defenderScanIncomingMail": false,
        "defenderScanMappedNetworkDrivesDuringFullScan": false,
        "defenderScanMaxCpu": null,
        "defenderScanNetworkFiles": false,
        "defenderScanRemovableDrivesDuringFullScan": false,
        "defenderScanScriptsLoadedInInternetExplorer": false,
        "defenderScanType": "userDefined",
        "defenderScheduleScanEnableLowCpuPriority": false,
        "defenderScheduledQuickScanTime": null,
        "defenderScheduledScanTime": null,
        "defenderSignatureUpdateIntervalInHours": null,
        "defenderSubmitSamplesConsentType": "sendSafeSamplesAutomatically",
        "defenderSystemScanSchedule": "userDefined",
        "description": "Description",
        "developerUnlockSetting": "notConfigured",
        "deviceManagementApplicabilityRuleDeviceMode": null,
        "deviceManagementApplicabilityRuleOsEdition": Object {
          "name": null,
          "osEditionTypes": Array [
            "windows10Education",
          ],
          "ruleType": "include",
        },
        "deviceManagementApplicabilityRuleOsVersion": null,
        "deviceManagementBlockFactoryResetOnMobile": false,
        "deviceManagementBlockManualUnenroll": false,
        "diagnosticsDataSubmissionMode": "userDefined",
        "displayAppListWithGdiDPIScalingTurnedOff": Array [],
        "displayAppListWithGdiDPIScalingTurnedOn": Array [],
        "displayName": "Test Windows 10 Device Restrictions Configuration Profile",
        "edgeAllowStartPagesModification": false,
        "edgeBlockAccessToAboutFlags": false,
        "edgeBlockAddressBarDropdown": false,
        "edgeBlockAutofill": false,
        "edgeBlockCompatibilityList": false,
        "edgeBlockDeveloperTools": false,
        "edgeBlockEditFavorites": false,
        "edgeBlockExtensions": false,
        "edgeBlockFullScreenMode": false,
        "edgeBlockInPrivateBrowsing": false,
        "edgeBlockJavaScript": false,
        "edgeBlockLiveTileDataCollection": false,
        "edgeBlockPasswordManager": false,
        "edgeBlockPopups": false,
        "edgeBlockPrelaunch": false,
        "edgeBlockPrinting": false,
        "edgeBlockSavingHistory": false,
        "edgeBlockSearchEngineCustomization": false,
        "edgeBlockSearchSuggestions": false,
        "edgeBlockSendingDoNotTrackHeader": false,
        "edgeBlockSendingIntranetTrafficToInternetExplorer": false,
        "edgeBlockSideloadingExtensions": false,
        "edgeBlockTabPreloading": false,
        "edgeBlockWebContentOnNewTabPage": false,
        "edgeBlocked": false,
        "edgeClearBrowsingDataOnExit": false,
        "edgeCookiePolicy": "userDefined",
        "edgeDisableFirstRunPage": false,
        "edgeEnterpriseModeSiteListLocation": null,
        "edgeFavoritesBarVisibility": "notConfigured",
        "edgeFavoritesListLocation": null,
        "edgeFirstRunUrl": null,
        "edgeHomeButtonConfiguration": null,
        "edgeHomeButtonConfigurationEnabled": false,
        "edgeHomepageUrls": Array [],
        "edgeKioskModeRestriction": "notConfigured",
        "edgeKioskResetAfterIdleTimeInMinutes": null,
        "edgeNewTabPageURL": null,
        "edgeOpensWith": "notConfigured",
        "edgePreventCertificateErrorOverride": false,
        "edgeRequireSmartScreen": false,
        "edgeRequiredExtensionPackageFamilyNames": Array [],
        "edgeSearchEngine": null,
        "edgeSendIntranetTrafficToInternetExplorer": false,
        "edgeShowMessageWhenOpeningInternetExplorerSites": "notConfigured",
        "edgeSyncFavoritesWithInternetExplorer": false,
        "edgeTelemetryForMicrosoft365Analytics": "notConfigured",
        "enableAutomaticRedeployment": false,
        "energySaverOnBatteryThresholdPercentage": null,
        "energySaverPluggedInThresholdPercentage": null,
        "enterpriseCloudPrintDiscoveryEndPoint": null,
        "enterpriseCloudPrintDiscoveryMaxLimit": null,
        "enterpriseCloudPrintMopriaDiscoveryResourceIdentifier": null,
        "enterpriseCloudPrintOAuthAuthority": null,
        "enterpriseCloudPrintOAuthClientIdentifier": null,
        "enterpriseCloudPrintResourceIdentifier": null,
        "experienceBlockDeviceDiscovery": false,
        "experienceBlockErrorDialogWhenNoSIM": false,
        "experienceBlockTaskSwitcher": false,
        "experienceDoNotSyncBrowserSettings": "notConfigured",
        "findMyFiles": "notConfigured",
        "gameDvrBlocked": false,
        "id": "c271a86c-a62a-4655-ac1e-a28f67fd3e18",
        "inkWorkspaceAccess": "notConfigured",
        "inkWorkspaceAccessState": "notConfigured",
        "inkWorkspaceBlockSuggestedApps": false,
        "internetSharingBlocked": false,
        "lastModifiedDateTime": "2021-02-25T20:56:29.5465785Z",
        "locationServicesBlocked": false,
        "lockScreenActivateAppsWithVoice": "notConfigured",
        "lockScreenAllowTimeoutConfiguration": false,
        "lockScreenBlockActionCenterNotifications": false,
        "lockScreenBlockCortana": false,
        "lockScreenBlockToastNotifications": false,
        "lockScreenTimeoutInSeconds": null,
        "logonBlockFastUserSwitching": false,
        "messagingBlockMMS": false,
        "messagingBlockRichCommunicationServices": false,
        "messagingBlockSync": false,
        "microsoftAccountBlockSettingsSync": false,
        "microsoftAccountBlocked": false,
        "microsoftAccountSignInAssistantSettings": "notConfigured",
        "networkProxyApplySettingsDeviceWide": false,
        "networkProxyAutomaticConfigurationUrl": null,
        "networkProxyDisableAutoDetect": false,
        "networkProxyServer": null,
        "nfcBlocked": false,
        "oneDriveDisableFileSync": false,
        "passwordBlockSimple": false,
        "passwordExpirationDays": null,
        "passwordMinimumAgeInDays": null,
        "passwordMinimumCharacterSetCount": null,
        "passwordMinimumLength": null,
        "passwordMinutesOfInactivityBeforeScreenTimeout": null,
        "passwordPreviousPasswordBlockCount": null,
        "passwordRequireWhenResumeFromIdleState": false,
        "passwordRequired": false,
        "passwordRequiredType": "deviceDefault",
        "passwordSignInFailureCountBeforeFactoryReset": null,
        "personalizationDesktopImageUrl": null,
        "personalizationLockScreenImageUrl": null,
        "powerButtonActionOnBattery": "notConfigured",
        "powerButtonActionPluggedIn": "notConfigured",
        "powerHybridSleepOnBattery": "notConfigured",
        "powerHybridSleepPluggedIn": "notConfigured",
        "powerLidCloseActionOnBattery": "notConfigured",
        "powerLidCloseActionPluggedIn": "notConfigured",
        "powerSleepButtonActionOnBattery": "notConfigured",
        "powerSleepButtonActionPluggedIn": "notConfigured",
        "printerBlockAddition": false,
        "printerDefaultName": null,
        "printerNames": Array [],
        "privacyAdvertisingId": "notConfigured",
        "privacyAutoAcceptPairingAndConsentPrompts": false,
        "privacyBlockActivityFeed": false,
        "privacyBlockInputPersonalization": false,
        "privacyBlockPublishUserActivities": false,
        "privacyDisableLaunchExperience": false,
        "resetProtectionModeBlocked": false,
        "roleScopeTagIds": Array [
          "0",
        ],
        "safeSearchFilter": "userDefined",
        "screenCaptureBlocked": true,
        "searchBlockDiacritics": false,
        "searchBlockWebResults": false,
        "searchDisableAutoLanguageDetection": false,
        "searchDisableIndexerBackoff": false,
        "searchDisableIndexingEncryptedItems": false,
        "searchDisableIndexingRemovableDrive": false,
        "searchDisableLocation": false,
        "searchDisableUseLocation": false,
        "searchEnableAutomaticIndexSizeManangement": false,
        "searchEnableRemoteQueries": false,
        "securityBlockAzureADJoinedDevicesAutoEncryption": false,
        "settingsBlockAccountsPage": false,
        "settingsBlockAddProvisioningPackage": false,
        "settingsBlockAppsPage": false,
        "settingsBlockChangeLanguage": false,
        "settingsBlockChangePowerSleep": false,
        "settingsBlockChangeRegion": false,
        "settingsBlockChangeSystemTime": false,
        "settingsBlockDevicesPage": false,
        "settingsBlockEaseOfAccessPage": false,
        "settingsBlockEditDeviceName": false,
        "settingsBlockGamingPage": false,
        "settingsBlockNetworkInternetPage": false,
        "settingsBlockPersonalizationPage": false,
        "settingsBlockPrivacyPage": false,
        "settingsBlockRemoveProvisioningPackage": false,
        "settingsBlockSettingsApp": false,
        "settingsBlockSystemPage": false,
        "settingsBlockTimeLanguagePage": false,
        "settingsBlockUpdateSecurityPage": false,
        "sharedUserAppDataAllowed": false,
        "smartScreenAppInstallControl": "notConfigured",
        "smartScreenBlockPromptOverride": false,
        "smartScreenBlockPromptOverrideForFiles": false,
        "smartScreenEnableAppInstallControl": false,
        "startBlockUnpinningAppsFromTaskbar": false,
        "startMenuAppListVisibility": "userDefined",
        "startMenuHideChangeAccountSettings": false,
        "startMenuHideFrequentlyUsedApps": false,
        "startMenuHideHibernate": false,
        "startMenuHideLock": false,
        "startMenuHidePowerButton": false,
        "startMenuHideRecentJumpLists": false,
        "startMenuHideRecentlyAddedApps": false,
        "startMenuHideRestartOptions": false,
        "startMenuHideShutDown": false,
        "startMenuHideSignOut": false,
        "startMenuHideSleep": false,
        "startMenuHideSwitchAccount": false,
        "startMenuHideUserTile": false,
        "startMenuLayoutEdgeAssetsXml": null,
        "startMenuLayoutXml": null,
        "startMenuMode": "userDefined",
        "startMenuPinnedFolderDocuments": "notConfigured",
        "startMenuPinnedFolderDownloads": "notConfigured",
        "startMenuPinnedFolderFileExplorer": "notConfigured",
        "startMenuPinnedFolderHomeGroup": "notConfigured",
        "startMenuPinnedFolderMusic": "notConfigured",
        "startMenuPinnedFolderNetwork": "notConfigured",
        "startMenuPinnedFolderPersonalFolder": "notConfigured",
        "startMenuPinnedFolderPictures": "notConfigured",
        "startMenuPinnedFolderSettings": "notConfigured",
        "startMenuPinnedFolderVideos": "notConfigured",
        "storageBlockRemovableStorage": false,
        "storageRequireMobileDeviceEncryption": false,
        "storageRestrictAppDataToSystemVolume": false,
        "storageRestrictAppInstallToSystemVolume": false,
        "supportsScopeTags": true,
        "systemTelemetryProxyServer": null,
        "taskManagerBlockEndTask": false,
        "tenantLockdownRequireNetworkDuringOutOfBoxExperience": false,
        "uninstallBuiltInApps": false,
        "usbBlocked": false,
        "version": 2,
        "voiceRecordingBlocked": false,
        "webRtcBlockLocalhostIpAddress": false,
        "wiFiBlockAutomaticConnectHotspots": false,
        "wiFiBlockManualConfiguration": false,
        "wiFiBlocked": false,
        "wiFiScanInterval": null,
        "windows10AppsForceUpdateSchedule": null,
        "windowsSpotlightBlockConsumerSpecificFeatures": false,
        "windowsSpotlightBlockOnActionCenter": false,
        "windowsSpotlightBlockTailoredExperiences": false,
        "windowsSpotlightBlockThirdPartyNotifications": false,
        "windowsSpotlightBlockWelcomeExperience": false,
        "windowsSpotlightBlockWindowsTips": false,
        "windowsSpotlightBlocked": false,
        "windowsSpotlightConfigureOnLockScreen": "notConfigured",
        "windowsStoreBlockAutoUpdate": false,
        "windowsStoreBlocked": false,
        "windowsStoreEnablePrivateStoreOnly": false,
        "wirelessDisplayBlockProjectionToThisDevice": false,
        "wirelessDisplayBlockUserInputFromReceiver": false,
        "wirelessDisplayRequirePinForPairing": false,
      },
    },
  ],
  "_type": "intune_device_configuration",
  "configurationType": "windows10GeneralConfiguration",
  "createdOn": 1614286589153,
  "description": "Description",
  "displayName": "Test Windows 10 Device Restrictions Configuration Profile",
  "id": "c271a86c-a62a-4655-ac1e-a28f67fd3e18",
  "name": "Test Windows 10 Device Restrictions Configuration Profile",
  "version": 2,
}
`;
