// Jest Snapshot v1, https://goo.gl/fbAQLP

exports[`fetchDeviceConfigurations should make entities and relationships correctly: deviceConfigurationEntities 1`] = `
Array [
  Object {
    "_class": Array [
      "Configuration",
    ],
    "_key": "6aa605f0-744e-4ae1-8031-c6564624c89b",
    "_rawData": Array [
      Object {
        "name": "default",
        "rawData": Object {
          "@odata.type": "#microsoft.graph.iosCustomConfiguration",
          "createdDateTime": "2021-02-17T18:31:21.3225031Z",
          "description": null,
          "displayName": "Test configuration policy",
          "id": "6aa605f0-744e-4ae1-8031-c6564624c89b",
          "lastModifiedDateTime": "2021-02-17T18:31:21.3225031Z",
          "payload": "MTk3",
          "payloadFileName": "lastSuccessfulBuildId.txt",
          "payloadName": "Test fake profile",
          "version": 1,
        },
      },
    ],
    "_type": "intune_device_configuration",
    "configurationType": "iosCustomConfiguration",
    "createdOn": 1613586681322,
    "description": "Test configuration policy",
    "displayName": "Test configuration policy",
    "id": "6aa605f0-744e-4ae1-8031-c6564624c89b",
    "name": "Test configuration policy",
    "version": 1,
  },
  Object {
    "_class": Array [
      "Configuration",
    ],
    "_key": "c271a86c-a62a-4655-ac1e-a28f67fd3e18",
    "_rawData": Array [
      Object {
        "name": "default",
        "rawData": Object {
          "@odata.type": "#microsoft.graph.windows10GeneralConfiguration",
          "accountsBlockAddingNonMicrosoftAccountEmail": false,
          "antiTheftModeBlocked": false,
          "appsAllowTrustedAppsSideloading": "notConfigured",
          "appsBlockWindowsStoreOriginatedApps": false,
          "bluetoothAllowedServices": Array [],
          "bluetoothBlockAdvertising": false,
          "bluetoothBlockDiscoverableMode": false,
          "bluetoothBlockPrePairing": false,
          "bluetoothBlocked": false,
          "cameraBlocked": false,
          "cellularBlockDataWhenRoaming": false,
          "cellularBlockVpn": false,
          "cellularBlockVpnWhenRoaming": false,
          "certificatesBlockManualRootCertificateInstallation": false,
          "connectedDevicesServiceBlocked": false,
          "copyPasteBlocked": false,
          "cortanaBlocked": false,
          "createdDateTime": "2021-02-25T20:56:29.1537954Z",
          "defenderBlockEndUserAccess": false,
          "defenderCloudBlockLevel": "notConfigured",
          "defenderDaysBeforeDeletingQuarantinedMalware": null,
          "defenderDetectedMalwareActions": null,
          "defenderFileExtensionsToExclude": Array [],
          "defenderFilesAndFoldersToExclude": Array [],
          "defenderMonitorFileActivity": "userDefined",
          "defenderProcessesToExclude": Array [],
          "defenderPromptForSampleSubmission": "userDefined",
          "defenderRequireBehaviorMonitoring": false,
          "defenderRequireCloudProtection": false,
          "defenderRequireNetworkInspectionSystem": false,
          "defenderRequireRealTimeMonitoring": false,
          "defenderScanArchiveFiles": false,
          "defenderScanDownloads": false,
          "defenderScanIncomingMail": false,
          "defenderScanMappedNetworkDrivesDuringFullScan": false,
          "defenderScanMaxCpu": null,
          "defenderScanNetworkFiles": false,
          "defenderScanRemovableDrivesDuringFullScan": false,
          "defenderScanScriptsLoadedInInternetExplorer": false,
          "defenderScanType": "userDefined",
          "defenderScheduledQuickScanTime": null,
          "defenderScheduledScanTime": null,
          "defenderSignatureUpdateIntervalInHours": null,
          "defenderSystemScanSchedule": "userDefined",
          "description": "Description",
          "developerUnlockSetting": "notConfigured",
          "deviceManagementBlockFactoryResetOnMobile": false,
          "deviceManagementBlockManualUnenroll": false,
          "diagnosticsDataSubmissionMode": "userDefined",
          "displayName": "Test Windows 10 Device Restrictions Configuration Profile",
          "edgeAllowStartPagesModification": false,
          "edgeBlockAccessToAboutFlags": false,
          "edgeBlockAddressBarDropdown": false,
          "edgeBlockAutofill": false,
          "edgeBlockCompatibilityList": false,
          "edgeBlockDeveloperTools": false,
          "edgeBlockExtensions": false,
          "edgeBlockInPrivateBrowsing": false,
          "edgeBlockJavaScript": false,
          "edgeBlockLiveTileDataCollection": false,
          "edgeBlockPasswordManager": false,
          "edgeBlockPopups": false,
          "edgeBlockSearchSuggestions": false,
          "edgeBlockSendingDoNotTrackHeader": false,
          "edgeBlockSendingIntranetTrafficToInternetExplorer": false,
          "edgeBlocked": false,
          "edgeClearBrowsingDataOnExit": false,
          "edgeCookiePolicy": "userDefined",
          "edgeDisableFirstRunPage": false,
          "edgeEnterpriseModeSiteListLocation": null,
          "edgeFirstRunUrl": null,
          "edgeHomepageUrls": Array [],
          "edgeRequireSmartScreen": false,
          "edgeSearchEngine": null,
          "edgeSendIntranetTrafficToInternetExplorer": false,
          "edgeSyncFavoritesWithInternetExplorer": false,
          "enterpriseCloudPrintDiscoveryEndPoint": null,
          "enterpriseCloudPrintDiscoveryMaxLimit": null,
          "enterpriseCloudPrintMopriaDiscoveryResourceIdentifier": null,
          "enterpriseCloudPrintOAuthAuthority": null,
          "enterpriseCloudPrintOAuthClientIdentifier": null,
          "enterpriseCloudPrintResourceIdentifier": null,
          "experienceBlockDeviceDiscovery": false,
          "experienceBlockErrorDialogWhenNoSIM": false,
          "experienceBlockTaskSwitcher": false,
          "gameDvrBlocked": false,
          "id": "c271a86c-a62a-4655-ac1e-a28f67fd3e18",
          "internetSharingBlocked": false,
          "lastModifiedDateTime": "2021-02-25T20:56:29.5465785Z",
          "locationServicesBlocked": false,
          "lockScreenAllowTimeoutConfiguration": false,
          "lockScreenBlockActionCenterNotifications": false,
          "lockScreenBlockCortana": false,
          "lockScreenBlockToastNotifications": false,
          "lockScreenTimeoutInSeconds": null,
          "logonBlockFastUserSwitching": false,
          "microsoftAccountBlockSettingsSync": false,
          "microsoftAccountBlocked": false,
          "networkProxyApplySettingsDeviceWide": false,
          "networkProxyAutomaticConfigurationUrl": null,
          "networkProxyDisableAutoDetect": false,
          "networkProxyServer": null,
          "nfcBlocked": false,
          "oneDriveDisableFileSync": false,
          "passwordBlockSimple": false,
          "passwordExpirationDays": null,
          "passwordMinimumCharacterSetCount": null,
          "passwordMinimumLength": null,
          "passwordMinutesOfInactivityBeforeScreenTimeout": null,
          "passwordPreviousPasswordBlockCount": null,
          "passwordRequireWhenResumeFromIdleState": false,
          "passwordRequired": false,
          "passwordRequiredType": "deviceDefault",
          "passwordSignInFailureCountBeforeFactoryReset": null,
          "personalizationDesktopImageUrl": null,
          "personalizationLockScreenImageUrl": null,
          "privacyAdvertisingId": "notConfigured",
          "privacyAutoAcceptPairingAndConsentPrompts": false,
          "privacyBlockInputPersonalization": false,
          "resetProtectionModeBlocked": false,
          "safeSearchFilter": "userDefined",
          "screenCaptureBlocked": true,
          "searchBlockDiacritics": false,
          "searchDisableAutoLanguageDetection": false,
          "searchDisableIndexerBackoff": false,
          "searchDisableIndexingEncryptedItems": false,
          "searchDisableIndexingRemovableDrive": false,
          "searchEnableAutomaticIndexSizeManangement": false,
          "searchEnableRemoteQueries": false,
          "settingsBlockAccountsPage": false,
          "settingsBlockAddProvisioningPackage": false,
          "settingsBlockAppsPage": false,
          "settingsBlockChangeLanguage": false,
          "settingsBlockChangePowerSleep": false,
          "settingsBlockChangeRegion": false,
          "settingsBlockChangeSystemTime": false,
          "settingsBlockDevicesPage": false,
          "settingsBlockEaseOfAccessPage": false,
          "settingsBlockEditDeviceName": false,
          "settingsBlockGamingPage": false,
          "settingsBlockNetworkInternetPage": false,
          "settingsBlockPersonalizationPage": false,
          "settingsBlockPrivacyPage": false,
          "settingsBlockRemoveProvisioningPackage": false,
          "settingsBlockSettingsApp": false,
          "settingsBlockSystemPage": false,
          "settingsBlockTimeLanguagePage": false,
          "settingsBlockUpdateSecurityPage": false,
          "sharedUserAppDataAllowed": false,
          "smartScreenBlockPromptOverride": false,
          "smartScreenBlockPromptOverrideForFiles": false,
          "smartScreenEnableAppInstallControl": false,
          "startBlockUnpinningAppsFromTaskbar": false,
          "startMenuAppListVisibility": "userDefined",
          "startMenuHideChangeAccountSettings": false,
          "startMenuHideFrequentlyUsedApps": false,
          "startMenuHideHibernate": false,
          "startMenuHideLock": false,
          "startMenuHidePowerButton": false,
          "startMenuHideRecentJumpLists": false,
          "startMenuHideRecentlyAddedApps": false,
          "startMenuHideRestartOptions": false,
          "startMenuHideShutDown": false,
          "startMenuHideSignOut": false,
          "startMenuHideSleep": false,
          "startMenuHideSwitchAccount": false,
          "startMenuHideUserTile": false,
          "startMenuLayoutEdgeAssetsXml": null,
          "startMenuLayoutXml": null,
          "startMenuMode": "userDefined",
          "startMenuPinnedFolderDocuments": "notConfigured",
          "startMenuPinnedFolderDownloads": "notConfigured",
          "startMenuPinnedFolderFileExplorer": "notConfigured",
          "startMenuPinnedFolderHomeGroup": "notConfigured",
          "startMenuPinnedFolderMusic": "notConfigured",
          "startMenuPinnedFolderNetwork": "notConfigured",
          "startMenuPinnedFolderPersonalFolder": "notConfigured",
          "startMenuPinnedFolderPictures": "notConfigured",
          "startMenuPinnedFolderSettings": "notConfigured",
          "startMenuPinnedFolderVideos": "notConfigured",
          "storageBlockRemovableStorage": false,
          "storageRequireMobileDeviceEncryption": false,
          "storageRestrictAppDataToSystemVolume": false,
          "storageRestrictAppInstallToSystemVolume": false,
          "tenantLockdownRequireNetworkDuringOutOfBoxExperience": false,
          "usbBlocked": false,
          "version": 2,
          "voiceRecordingBlocked": false,
          "webRtcBlockLocalhostIpAddress": false,
          "wiFiBlockAutomaticConnectHotspots": false,
          "wiFiBlockManualConfiguration": false,
          "wiFiBlocked": false,
          "wiFiScanInterval": null,
          "windowsSpotlightBlockConsumerSpecificFeatures": false,
          "windowsSpotlightBlockOnActionCenter": false,
          "windowsSpotlightBlockTailoredExperiences": false,
          "windowsSpotlightBlockThirdPartyNotifications": false,
          "windowsSpotlightBlockWelcomeExperience": false,
          "windowsSpotlightBlockWindowsTips": false,
          "windowsSpotlightBlocked": false,
          "windowsSpotlightConfigureOnLockScreen": "notConfigured",
          "windowsStoreBlockAutoUpdate": false,
          "windowsStoreBlocked": false,
          "windowsStoreEnablePrivateStoreOnly": false,
          "wirelessDisplayBlockProjectionToThisDevice": false,
          "wirelessDisplayBlockUserInputFromReceiver": false,
          "wirelessDisplayRequirePinForPairing": false,
        },
      },
    ],
    "_type": "intune_device_configuration",
    "configurationType": "windows10GeneralConfiguration",
    "createdOn": 1614286589153,
    "description": "Description",
    "displayName": "Test Windows 10 Device Restrictions Configuration Profile",
    "id": "c271a86c-a62a-4655-ac1e-a28f67fd3e18",
    "name": "Test Windows 10 Device Restrictions Configuration Profile",
    "version": 2,
  },
]
`;
