// Jest Snapshot v1, https://goo.gl/fbAQLP

exports[`fetchDeviceConfigurations should make entities and relationships correctly: deviceConfigurationEntities 1`] = `
Array [
  Object {
    "_class": Array [
      "Configuration",
    ],
    "_key": "6aa605f0-744e-4ae1-8031-c6564624c89b",
    "_rawData": Array [
      Object {
        "name": "default",
        "rawData": Object {
          "@odata.type": "#microsoft.graph.iosCustomConfiguration",
          "createdDateTime": "2021-02-17T18:31:21.3225031Z",
          "description": null,
          "deviceStatusOverview": Object {
            "configurationVersion": 1,
            "errorCount": 1,
            "failedCount": 0,
            "id": "7b521133-f056-40a9-b639-b76afd67e4bb_6aa605f0-744e-4ae1-8031-c6564624c89b",
            "lastUpdateDateTime": "2021-03-01T00:41:32.6166667Z",
            "notApplicableCount": 0,
            "pendingCount": 0,
            "successCount": 0,
          },
          "deviceStatusOverview@odata.context": "https://graph.microsoft.com/v1.0/$metadata#deviceManagement/deviceConfigurations('6aa605f0-744e-4ae1-8031-c6564624c89b')/microsoft.graph.iosCustomConfiguration/deviceStatusOverview/$entity",
          "displayName": "Test configuration policy",
          "id": "6aa605f0-744e-4ae1-8031-c6564624c89b",
          "lastModifiedDateTime": "2021-02-17T18:31:21.3225031Z",
          "payload": "MTk3",
          "payloadFileName": "lastSuccessfulBuildId.txt",
          "payloadName": "Test fake profile",
          "version": 1,
        },
      },
    ],
    "_type": "intune_device_configuration",
    "configurationType": "iosCustomConfiguration",
    "createdOn": 1613586681322,
    "description": "Test configuration policy",
    "displayName": "Test configuration policy",
    "id": "6aa605f0-744e-4ae1-8031-c6564624c89b",
    "name": "Test configuration policy",
    "version": 1,
  },
]
`;
